
> dew-flow-planner@0.1.0 dev
> next dev

 ⚠ Port 3000 is in use, trying 3001 instead.
 ⚠ Port 3001 is in use, trying 3002 instead.
 ⚠ Port 3002 is in use, trying 3003 instead.
 ⚠ Port 3003 is in use, trying 3004 instead.
 ⚠ Port 3004 is in use, trying 3005 instead.
 ⚠ Port 3005 is in use, trying 3006 instead.
 ⚠ Port 3006 is in use, trying 3007 instead.
 ⚠ Port 3007 is in use, trying 3008 instead.
 ⚠ Port 3008 is in use, trying 3009 instead.
 ⚠ Port 3009 is in use, trying 3010 instead.
 ⨯ Failed to start server
Error: listen EADDRINUSE: address already in use :::3010
    at Server.setupListenHandle [as _listen2] (node:net:1940:16)
    at listenInCluster (node:net:1997:12)
    at Server.listen (node:net:2102:7)
    at Server.<anonymous> (/app/node_modules/next/dist/server/lib/start-server.js:183:20)
    at Server.emit (node:events:519:28)
    at emitErrorNT (node:net:1976:8)
    at process.processTicksAndRejections (node:internal/process/task_queues:90:21) {
  code: 'EADDRINUSE',
  errno: -98,
  syscall: 'listen',
  address: '::',
  port: 3010
}
[?25h
